Archive member included to satisfy reference by file (symbol)

e:/programme/stm32-ide/stm32cubeide_1.7.0/stm32cubeide/plugins/com.st.stm32cube.ide.mcu.externaltools.gnu-tools-for-stm32.9-2020-q2-update.win32_2.0.0.202105311346/tools/bin/../lib/gcc/arm-none-eabi/9.3.1/../../../../arm-none-eabi/lib/thumb/v7-m/nofp\libc_nano.a(lib_a-errno.o)
                              ./Core/Src/syscalls.o (__errno)
e:/programme/stm32-ide/stm32cubeide_1.7.0/stm32cubeide/plugins/com.st.stm32cube.ide.mcu.externaltools.gnu-tools-for-stm32.9-2020-q2-update.win32_2.0.0.202105311346/tools/bin/../lib/gcc/arm-none-eabi/9.3.1/../../../../arm-none-eabi/lib/thumb/v7-m/nofp\libc_nano.a(lib_a-exit.o)
                              e:/programme/stm32-ide/stm32cubeide_1.7.0/stm32cubeide/plugins/com.st.stm32cube.ide.mcu.externaltools.gnu-tools-for-stm32.9-2020-q2-update.win32_2.0.0.202105311346/tools/bin/../lib/gcc/arm-none-eabi/9.3.1/../../../../arm-none-eabi/lib/thumb/v7-m/nofp/crt0.o (exit)
e:/programme/stm32-ide/stm32cubeide_1.7.0/stm32cubeide/plugins/com.st.stm32cube.ide.mcu.externaltools.gnu-tools-for-stm32.9-2020-q2-update.win32_2.0.0.202105311346/tools/bin/../lib/gcc/arm-none-eabi/9.3.1/../../../../arm-none-eabi/lib/thumb/v7-m/nofp\libc_nano.a(lib_a-impure.o)
                              e:/programme/stm32-ide/stm32cubeide_1.7.0/stm32cubeide/plugins/com.st.stm32cube.ide.mcu.externaltools.gnu-tools-for-stm32.9-2020-q2-update.win32_2.0.0.202105311346/tools/bin/../lib/gcc/arm-none-eabi/9.3.1/../../../../arm-none-eabi/lib/thumb/v7-m/nofp\libc_nano.a(lib_a-exit.o) (_global_impure_ptr)
e:/programme/stm32-ide/stm32cubeide_1.7.0/stm32cubeide/plugins/com.st.stm32cube.ide.mcu.externaltools.gnu-tools-for-stm32.9-2020-q2-update.win32_2.0.0.202105311346/tools/bin/../lib/gcc/arm-none-eabi/9.3.1/../../../../arm-none-eabi/lib/thumb/v7-m/nofp\libc_nano.a(lib_a-init.o)
                              e:/programme/stm32-ide/stm32cubeide_1.7.0/stm32cubeide/plugins/com.st.stm32cube.ide.mcu.externaltools.gnu-tools-for-stm32.9-2020-q2-update.win32_2.0.0.202105311346/tools/bin/../lib/gcc/arm-none-eabi/9.3.1/../../../../arm-none-eabi/lib/thumb/v7-m/nofp/crt0.o (__libc_init_array)
e:/programme/stm32-ide/stm32cubeide_1.7.0/stm32cubeide/plugins/com.st.stm32cube.ide.mcu.externaltools.gnu-tools-for-stm32.9-2020-q2-update.win32_2.0.0.202105311346/tools/bin/../lib/gcc/arm-none-eabi/9.3.1/../../../../arm-none-eabi/lib/thumb/v7-m/nofp\libc_nano.a(lib_a-memset.o)
                              e:/programme/stm32-ide/stm32cubeide_1.7.0/stm32cubeide/plugins/com.st.stm32cube.ide.mcu.externaltools.gnu-tools-for-stm32.9-2020-q2-update.win32_2.0.0.202105311346/tools/bin/../lib/gcc/arm-none-eabi/9.3.1/../../../../arm-none-eabi/lib/thumb/v7-m/nofp/crt0.o (memset)

Allocating common symbols
Common symbol       size              file

tempRed             0x4               ./Core/Src/global.o
tempYellow          0x4               ./Core/Src/global.o
yellowCounter       0x4               ./Core/Src/global.o
buttonDebounce3     0xc               ./Core/Src/button.o
uwTick              0x4               ./Drivers/STM32F1xx_HAL_Driver/Src/stm32f1xx_hal.o
pFlash              0x20              ./Drivers/STM32F1xx_HAL_Driver/Src/stm32f1xx_hal_flash.o
greenCounter        0x4               ./Core/Src/global.o
TimerForKeyPressed  0xc               ./Core/Src/button.o
redCounter          0x4               ./Core/Src/global.o
button_flag         0xc               ./Core/Src/button.o
buttonDebounce2     0xc               ./Core/Src/button.o
buttonDebounce0     0xc               ./Core/Src/button.o
htim2               0x48              ./Core/Src/main.o
tempGreen           0x4               ./Core/Src/global.o
buttonDebounce1     0xc               ./Core/Src/button.o

Discarded input sections

 .text          0x0000000000000000        0x0 e:/programme/stm32-ide/stm32cubeide_1.7.0/stm32cubeide/plugins/com.st.stm32cube.ide.mcu.externaltools.gnu-tools-for-stm32.9-2020-q2-update.win32_2.0.0.202105311346/tools/bin/../lib/gcc/arm-none-eabi/9.3.1/thumb/v7-m/nofp/crti.o
 .data          0x0000000000000000        0x0 e:/programme/stm32-ide/stm32cubeide_1.7.0/stm32cubeide/plugins/com.st.stm32cube.ide.mcu.externaltools.gnu-tools-for-stm32.9-2020-q2-update.win32_2.0.0.202105311346/tools/bin/../lib/gcc/arm-none-eabi/9.3.1/thumb/v7-m/nofp/crti.o
 .bss           0x0000000000000000        0x0 e:/programme/stm32-ide/stm32cubeide_1.7.0/stm32cubeide/plugins/com.st.stm32cube.ide.mcu.externaltools.gnu-tools-for-stm32.9-2020-q2-update.win32_2.0.0.202105311346/tools/bin/../lib/gcc/arm-none-eabi/9.3.1/thumb/v7-m/nofp/crti.o
 .data          0x0000000000000000        0x4 e:/programme/stm32-ide/stm32cubeide_1.7.0/stm32cubeide/plugins/com.st.stm32cube.ide.mcu.externaltools.gnu-tools-for-stm32.9-2020-q2-update.win32_2.0.0.202105311346/tools/bin/../lib/gcc/arm-none-eabi/9.3.1/thumb/v7-m/nofp/crtbegin.o
[...]
Memory Configuration

Name             Origin             Length             Attributes
RAM              0x0000000020000000 0x0000000000002800 xrw
FLASH            0x0000000008000000 0x0000000000008000 xr
*default*        0x0000000000000000 0xffffffffffffffff

Linker script and memory map

LOAD e:/programme/stm32-ide/stm32cubeide_1.7.0/stm32cubeide/plugins/com.st.stm32cube.ide.mcu.externaltools.gnu-tools-for-stm32.9-2020-q2-update.win32_2.0.0.202105311346/tools/bin/../lib/gcc/arm-none-eabi/9.3.1/thumb/v7-m/nofp/crti.o
LOAD e:/programme/stm32-ide/stm32cubeide_1.7.0/stm32cubeide/plugins/com.st.stm32cube.ide.mcu.externaltools.gnu-tools-for-stm32.9-2020-q2-update.win32_2.0.0.202105311346/tools/bin/../lib/gcc/arm-none-eabi/9.3.1/thumb/v7-m/nofp/crtbegin.o
LOAD e:/programme/stm32-ide/stm32cubeide_1.7.0/stm32cubeide/plugins/com.st.stm32cube.ide.mcu.externaltools.gnu-tools-for-stm32.9-2020-q2-update.win32_2.0.0.202105311346/tools/bin/../lib/gcc/arm-none-eabi/9.3.1/../../../../arm-none-eabi/lib/thumb/v7-m/nofp/crt0.o
LOAD ./Core/Src/button.o
LOAD ./Core/Src/display.o
LOAD ./Core/Src/fsm_automatic.o
LOAD ./Core/Src/fsm_manual.o
LOAD ./Core/Src/global.o
LOAD ./Core/Src/main.o
LOAD ./Core/Src/software_timer.o
LOAD ./Core/Src/stm32f1xx_hal_msp.o
LOAD ./Core/Src/stm32f1xx_it.o
LOAD ./Core/Src/syscalls.o
LOAD ./Core/Src/sysmem.o
LOAD ./Core/Src/system_stm32f1xx.o
LOAD ./Core/Startup/startup_stm32f103c6tx.o
LOAD ./Drivers/STM32F1xx_HAL_Driver/Src/stm32f1xx_hal.o
LOAD ./Drivers/STM32F1xx_HAL_Driver/Src/stm32f1xx_hal_cortex.o
LOAD ./Drivers/STM32F1xx_HAL_Driver/Src/stm32f1xx_hal_dma.o
LOAD ./Drivers/STM32F1xx_HAL_Driver/Src/stm32f1xx_hal_exti.o
LOAD ./Drivers/STM32F1xx_HAL_Driver/Src/stm32f1xx_hal_flash.o
LOAD ./Drivers/STM32F1xx_HAL_Driver/Src/stm32f1xx_hal_flash_ex.o
LOAD ./Drivers/STM32F1xx_HAL_Driver/Src/stm32f1xx_hal_gpio.o
LOAD ./Drivers/STM32F1xx_HAL_Driver/Src/stm32f1xx_hal_gpio_ex.o
LOAD ./Drivers/STM32F1xx_HAL_Driver/Src/stm32f1xx_hal_pwr.o
LOAD ./Drivers/STM32F1xx_HAL_Driver/Src/stm32f1xx_hal_rcc.o
LOAD ./Drivers/STM32F1xx_HAL_Driver/Src/stm32f1xx_hal_rcc_ex.o
LOAD ./Drivers/STM32F1xx_HAL_Driver/Src/stm32f1xx_hal_tim.o
LOAD ./Drivers/STM32F1xx_HAL_Driver/Src/stm32f1xx_hal_tim_ex.o
START GROUP
LOAD e:/programme/stm32-ide/stm32cubeide_1.7.0/stm32cubeide/plugins/com.st.stm32cube.ide.mcu.externaltools.gnu-tools-for-stm32.9-2020-q2-update.win32_2.0.0.202105311346/tools/bin/../lib/gcc/arm-none-eabi/9.3.1/../../../../arm-none-eabi/lib/thumb/v7-m/nofp\libc_nano.a
LOAD e:/programme/stm32-ide/stm32cubeide_1.7.0/stm32cubeide/plugins/com.st.stm32cube.ide.mcu.externaltools.gnu-tools-for-stm32.9-2020-q2-update.win32_2.0.0.202105311346/tools/bin/../lib/gcc/arm-none-eabi/9.3.1/../../../../arm-none-eabi/lib/thumb/v7-m/nofp\libm.a
END GROUP
START GROUP
LOAD e:/programme/stm32-ide/stm32cubeide_1.7.0/stm32cubeide/plugins/com.st.stm32cube.ide.mcu.externaltools.gnu-tools-for-stm32.9-2020-q2-update.win32_2.0.0.202105311346/tools/bin/../lib/gcc/arm-none-eabi/9.3.1/thumb/v7-m/nofp\libgcc.a
LOAD e:/programme/stm32-ide/stm32cubeide_1.7.0/stm32cubeide/plugins/com.st.stm32cube.ide.mcu.externaltools.gnu-tools-for-stm32.9-2020-q2-update.win32_2.0.0.202105311346/tools/bin/../lib/gcc/arm-none-eabi/9.3.1/../../../../arm-none-eabi/lib/thumb/v7-m/nofp\libc_nano.a
END GROUP
START GROUP
LOAD e:/programme/stm32-ide/stm32cubeide_1.7.0/stm32cubeide/plugins/com.st.stm32cube.ide.mcu.externaltools.gnu-tools-for-stm32.9-2020-q2-update.win32_2.0.0.202105311346/tools/bin/../lib/gcc/arm-none-eabi/9.3.1/thumb/v7-m/nofp\libgcc.a
LOAD e:/programme/stm32-ide/stm32cubeide_1.7.0/stm32cubeide/plugins/com.st.stm32cube.ide.mcu.externaltools.gnu-tools-for-stm32.9-2020-q2-update.win32_2.0.0.202105311346/tools/bin/../lib/gcc/arm-none-eabi/9.3.1/../../../../arm-none-eabi/lib/thumb/v7-m/nofp\libc_nano.a
LOAD e:/programme/stm32-ide/stm32cubeide_1.7.0/stm32cubeide/plugins/com.st.stm32cube.ide.mcu.externaltools.gnu-tools-for-stm32.9-2020-q2-update.win32_2.0.0.202105311346/tools/bin/../lib/gcc/arm-none-eabi/9.3.1/../../../../arm-none-eabi/lib/thumb/v7-m/nofp\libnosys.a
END GROUP
START GROUP
LOAD e:/programme/stm32-ide/stm32cubeide_1.7.0/stm32cubeide/plugins/com.st.stm32cube.ide.mcu.externaltools.gnu-tools-for-stm32.9-2020-q2-update.win32_2.0.0.202105311346/tools/bin/../lib/gcc/arm-none-eabi/9.3.1/thumb/v7-m/nofp\libgcc.a
LOAD e:/programme/stm32-ide/stm32cubeide_1.7.0/stm32cubeide/plugins/com.st.stm32cube.ide.mcu.externaltools.gnu-tools-for-stm32.9-2020-q2-update.win32_2.0.0.202105311346/tools/bin/../lib/gcc/arm-none-eabi/9.3.1/../../../../arm-none-eabi/lib/thumb/v7-m/nofp\libc_nano.a
LOAD e:/programme/stm32-ide/stm32cubeide_1.7.0/stm32cubeide/plugins/com.st.stm32cube.ide.mcu.externaltools.gnu-tools-for-stm32.9-2020-q2-update.win32_2.0.0.202105311346/tools/bin/../lib/gcc/arm-none-eabi/9.3.1/../../../../arm-none-eabi/lib/thumb/v7-m/nofp\libnosys.a
END GROUP
LOAD e:/programme/stm32-ide/stm32cubeide_1.7.0/stm32cubeide/plugins/com.st.stm32cube.ide.mcu.externaltools.gnu-tools-for-stm32.9-2020-q2-update.win32_2.0.0.202105311346/tools/bin/../lib/gcc/arm-none-eabi/9.3.1/thumb/v7-m/nofp/crtend.o
LOAD e:/programme/stm32-ide/stm32cubeide_1.7.0/stm32cubeide/plugins/com.st.stm32cube.ide.mcu.externaltools.gnu-tools-for-stm32.9-2020-q2-update.win32_2.0.0.202105311346/tools/bin/../lib/gcc/arm-none-eabi/9.3.1/thumb/v7-m/nofp/crtn.o
                0x0000000020002800                _estack = (ORIGIN (RAM) + LENGTH (RAM))
                0x0000000000000200                _Min_Heap_Size = 0x200
                0x0000000000000400                _Min_Stack_Size = 0x400

.isr_vector     0x0000000008000000      0x10c
                0x0000000008000000                . = ALIGN (0x4)
 *(.isr_vector)
 .isr_vector    0x0000000008000000      0x10c ./Core/Startup/startup_stm32f103c6tx.o
                0x0000000008000000                g_pfnVectors
                0x000000000800010c                . = ALIGN (0x4)

.text           0x000000000800010c     0x2704
                0x000000000800010c                . = ALIGN (0x4)
 *(.text)
 .text          0x000000000800010c       0x40 e:/programme/stm32-ide/stm32cubeide_1.7.0/stm32cubeide/plugins/com.st.stm32cube.ide.mcu.externaltools.gnu-tools-for-stm32.9-2020-q2-update.win32_2.0.0.202105311346/tools/bin/../lib/gcc/arm-none-eabi/9.3.1/thumb/v7-m/nofp/crtbegin.o
 *(.text*)
 .text.initButton
                0x000000000800014c       0x78 ./Core/Src/button.o
                0x000000000800014c                initButton
 .text.isButtonPressed
                0x00000000080001c4       0x34 ./Core/Src/button.o
                0x00000000080001c4                isButtonPressed
 .text.subKeyProcess
                0x00000000080001f8       0x20 ./Core/Src/button.o
                0x00000000080001f8                subKeyProcess
 .text.getKeyInput
                0x0000000008000218      0x134 ./Core/Src/button.o
                0x0000000008000218                getKeyInput
 .text.display7SEG
                0x000000000800034c       0xb8 ./Core/Src/display.o
                0x000000000800034c                display7SEG
 .text.clearAll
                0x0000000008000404       0x28 ./Core/Src/display.o
                0x0000000008000404                clearAll
 .text.en_Pin   0x000000000800042c       0x2c ./Core/Src/display.o
                0x000000000800042c                en_Pin
 .text.update7SEG
                0x0000000008000458       0x80 ./Core/Src/display.o
                0x0000000008000458                update7SEG
 .text.updateLedBuffer
                0x00000000080004d8       0x78 ./Core/Src/display.o
                0x00000000080004d8                updateLedBuffer
 .text.turnOn   0x0000000008000550      0x100 ./Core/Src/display.o
                0x0000000008000550                turnOn
 .text.blinking
                0x0000000008000650       0xdc ./Core/Src/display.o
                0x0000000008000650                blinking
 .text.fsm_automatic_run
                0x000000000800072c      0x3d4 ./Core/Src/fsm_automatic.o
                0x000000000800072c                fsm_automatic_run
 .text.fsm_manual_run
                0x0000000008000b00      0x2a4 ./Core/Src/fsm_manual.o
                0x0000000008000b00                fsm_manual_run
 .text.main     0x0000000008000da4       0x34 ./Core/Src/main.o
                0x0000000008000da4                main
 .text.SystemClock_Config
                0x0000000008000dd8       0x76 ./Core/Src/main.o
                0x0000000008000dd8                SystemClock_Config
 *fill*         0x0000000008000e4e        0x2 
 .text.MX_TIM2_Init
                0x0000000008000e50       0x98 ./Core/Src/main.o
 .text.MX_GPIO_Init
                0x0000000008000ee8       0xc4 ./Core/Src/main.o
 .text.HAL_TIM_PeriodElapsedCallback
                0x0000000008000fac       0x2c ./Core/Src/main.o
                0x0000000008000fac                HAL_TIM_PeriodElapsedCallback
 .text.Error_Handler
                0x0000000008000fd8        0xa ./Core/Src/main.o
                0x0000000008000fd8                Error_Handler
 *fill*         0x0000000008000fe2        0x2 
 .text.setTimer
                0x0000000008000fe4       0x30 ./Core/Src/software_timer.o
                0x0000000008000fe4                setTimer
 .text.timerRun
                0x0000000008001014       0x50 ./Core/Src/software_timer.o
                0x0000000008001014                timerRun
 .text.HAL_MspInit
                0x0000000008001064       0x64 ./Core/Src/stm32f1xx_hal_msp.o
                0x0000000008001064                HAL_MspInit
 .text.HAL_TIM_Base_MspInit
                0x00000000080010c8       0x48 ./Core/Src/stm32f1xx_hal_msp.o
                0x00000000080010c8                HAL_TIM_Base_MspInit
 .text.NMI_Handler
                0x0000000008001110        0x6 ./Core/Src/stm32f1xx_it.o
                0x0000000008001110                NMI_Handler
 .text.HardFault_Handler
                0x0000000008001116        0x6 ./Core/Src/stm32f1xx_it.o
                0x0000000008001116                HardFault_Handler
 .text.MemManage_Handler
                0x000000000800111c        0x6 ./Core/Src/stm32f1xx_it.o
                0x000000000800111c                MemManage_Handler
 .text.BusFault_Handler
                0x0000000008001122        0x6 ./Core/Src/stm32f1xx_it.o
                0x0000000008001122                BusFault_Handler
 .text.UsageFault_Handler
                0x0000000008001128        0x6 ./Core/Src/stm32f1xx_it.o
                0x0000000008001128                UsageFault_Handler
 .text.SVC_Handler
                0x000000000800112e        0xc ./Core/Src/stm32f1xx_it.o
                0x000000000800112e                SVC_Handler
 .text.DebugMon_Handler
                0x000000000800113a        0xc ./Core/Src/stm32f1xx_it.o
                0x000000000800113a                DebugMon_Handler
 .text.PendSV_Handler
                0x0000000008001146        0xc ./Core/Src/stm32f1xx_it.o
                0x0000000008001146                PendSV_Handler
 .text.SysTick_Handler
                0x0000000008001152        0xc ./Core/Src/stm32f1xx_it.o
                0x0000000008001152                SysTick_Handler
 *fill*         0x000000000800115e        0x2 
 .text.TIM2_IRQHandler
                0x0000000008001160       0x14 ./Core/Src/stm32f1xx_it.o
                0x0000000008001160                TIM2_IRQHandler
 .text.SystemInit
                0x0000000008001174        0xc ./Core/Src/system_stm32f1xx.o
                0x0000000008001174                SystemInit
 .text.Reset_Handler
                0x0000000008001180       0x48 ./Core/Startup/startup_stm32f103c6tx.o
                0x0000000008001180                Reset_Handler
 .text.Default_Handler
                0x00000000080011c8        0x2 ./Core/Startup/startup_stm32f103c6tx.o
                0x00000000080011c8                RTC_Alarm_IRQHandler
                0x00000000080011c8                EXTI2_IRQHandler
                0x00000000080011c8                TIM1_CC_IRQHandler
                0x00000000080011c8                PVD_IRQHandler
                0x00000000080011c8                EXTI3_IRQHandler
                0x00000000080011c8                EXTI0_IRQHandler
                0x00000000080011c8                ADC1_2_IRQHandler
                0x00000000080011c8                SPI1_IRQHandler
                0x00000000080011c8                TAMPER_IRQHandler
                0x00000000080011c8                DMA1_Channel4_IRQHandler
                0x00000000080011c8                RTC_IRQHandler
                0x00000000080011c8                DMA1_Channel7_IRQHandler
                0x00000000080011c8                CAN1_RX1_IRQHandler
                0x00000000080011c8                I2C1_EV_IRQHandler
                0x00000000080011c8                DMA1_Channel6_IRQHandler
                0x00000000080011c8                TIM3_IRQHandler
                0x00000000080011c8                RCC_IRQHandler
                0x00000000080011c8                TIM1_TRG_COM_IRQHandler
                0x00000000080011c8                DMA1_Channel1_IRQHandler
                0x00000000080011c8                Default_Handler
                0x00000000080011c8                EXTI15_10_IRQHandler
                0x00000000080011c8                EXTI9_5_IRQHandler
                0x00000000080011c8                DMA1_Channel5_IRQHandler
                0x00000000080011c8                EXTI4_IRQHandler
                0x00000000080011c8                USB_LP_CAN1_RX0_IRQHandler
                0x00000000080011c8                USB_HP_CAN1_TX_IRQHandler
                0x00000000080011c8                DMA1_Channel3_IRQHandler
                0x00000000080011c8                TIM1_UP_IRQHandler
                0x00000000080011c8                WWDG_IRQHandler
                0x00000000080011c8                TIM1_BRK_IRQHandler
                0x00000000080011c8                EXTI1_IRQHandler
                0x00000000080011c8                USART2_IRQHandler
                0x00000000080011c8                DMA1_Channel2_IRQHandler
                0x00000000080011c8                CAN1_SCE_IRQHandler
                0x00000000080011c8                FLASH_IRQHandler
                0x00000000080011c8                USART1_IRQHandler
                0x00000000080011c8                I2C1_ER_IRQHandler
                0x00000000080011c8                USBWakeUp_IRQHandler
 *fill*         0x00000000080011ca        0x2 
 .text.HAL_Init
                0x00000000080011cc       0x2c ./Drivers/STM32F1xx_HAL_Driver/Src/stm32f1xx_hal.o
                0x00000000080011cc                HAL_Init
 .text.HAL_InitTick
                0x00000000080011f8       0x60 ./Drivers/STM32F1xx_HAL_Driver/Src/stm32f1xx_hal.o
                0x00000000080011f8                HAL_InitTick
 .text.HAL_IncTick
                0x0000000008001258       0x24 ./Drivers/STM32F1xx_HAL_Driver/Src/stm32f1xx_hal.o
                0x0000000008001258                HAL_IncTick
 .text.HAL_GetTick
                0x000000000800127c       0x14 ./Drivers/STM32F1xx_HAL_Driver/Src/stm32f1xx_hal.o
                0x000000000800127c                HAL_GetTick
 .text.__NVIC_SetPriorityGrouping
                0x0000000008001290       0x48 ./Drivers/STM32F1xx_HAL_Driver/Src/stm32f1xx_hal_cortex.o
 .text.__NVIC_GetPriorityGrouping
                0x00000000080012d8       0x1c ./Drivers/STM32F1xx_HAL_Driver/Src/stm32f1xx_hal_cortex.o
 .text.__NVIC_EnableIRQ
                0x00000000080012f4       0x38 ./Drivers/STM32F1xx_HAL_Driver/Src/stm32f1xx_hal_cortex.o
 .text.__NVIC_SetPriority
                0x000000000800132c       0x54 ./Drivers/STM32F1xx_HAL_Driver/Src/stm32f1xx_hal_cortex.o
 .text.NVIC_EncodePriority
                0x0000000008001380       0x64 ./Drivers/STM32F1xx_HAL_Driver/Src/stm32f1xx_hal_cortex.o
 .text.SysTick_Config
                0x00000000080013e4       0x44 ./Drivers/STM32F1xx_HAL_Driver/Src/stm32f1xx_hal_cortex.o
 .text.HAL_NVIC_SetPriorityGrouping
                0x0000000008001428       0x16 ./Drivers/STM32F1xx_HAL_Driver/Src/stm32f1xx_hal_cortex.o
                0x0000000008001428                HAL_NVIC_SetPriorityGrouping
 .text.HAL_NVIC_SetPriority
                0x000000000800143e       0x38 ./Drivers/STM32F1xx_HAL_Driver/Src/stm32f1xx_hal_cortex.o
                0x000000000800143e                HAL_NVIC_SetPriority
 .text.HAL_NVIC_EnableIRQ
                0x0000000008001476       0x1c ./Drivers/STM32F1xx_HAL_Driver/Src/stm32f1xx_hal_cortex.o
                0x0000000008001476                HAL_NVIC_EnableIRQ
 .text.HAL_SYSTICK_Config
                0x0000000008001492       0x18 ./Drivers/STM32F1xx_HAL_Driver/Src/stm32f1xx_hal_cortex.o
                0x0000000008001492                HAL_SYSTICK_Config
 *fill*         0x00000000080014aa        0x2 
 .text.HAL_GPIO_Init
                0x00000000080014ac      0x2f4 ./Drivers/STM32F1xx_HAL_Driver/Src/stm32f1xx_hal_gpio.o
                0x00000000080014ac                HAL_GPIO_Init
 .text.HAL_GPIO_ReadPin
                0x00000000080017a0       0x2e ./Drivers/STM32F1xx_HAL_Driver/Src/stm32f1xx_hal_gpio.o
                0x00000000080017a0                HAL_GPIO_ReadPin
 .text.HAL_GPIO_WritePin
                0x00000000080017ce       0x30 ./Drivers/STM32F1xx_HAL_Driver/Src/stm32f1xx_hal_gpio.o
                0x00000000080017ce                HAL_GPIO_WritePin
 .text.HAL_GPIO_TogglePin
                0x00000000080017fe       0x32 ./Drivers/STM32F1xx_HAL_Driver/Src/stm32f1xx_hal_gpio.o
                0x00000000080017fe                HAL_GPIO_TogglePin
 .text.HAL_RCC_OscConfig
                0x0000000008001830      0x500 ./Drivers/STM32F1xx_HAL_Driver/Src/stm32f1xx_hal_rcc.o
                0x0000000008001830                HAL_RCC_OscConfig
 .text.HAL_RCC_ClockConfig
                0x0000000008001d30      0x1d4 ./Drivers/STM32F1xx_HAL_Driver/Src/stm32f1xx_hal_rcc.o
                0x0000000008001d30                HAL_RCC_ClockConfig
 .text.HAL_RCC_GetSysClockFreq
                0x0000000008001f04       0xa8 ./Drivers/STM32F1xx_HAL_Driver/Src/stm32f1xx_hal_rcc.o
                0x0000000008001f04                HAL_RCC_GetSysClockFreq
 .text.RCC_Delay
                0x0000000008001fac       0x3c ./Drivers/STM32F1xx_HAL_Driver/Src/stm32f1xx_hal_rcc.o
 .text.HAL_TIM_Base_Init
                0x0000000008001fe8       0x9e ./Drivers/STM32F1xx_HAL_Driver/Src/stm32f1xx_hal_tim.o
                0x0000000008001fe8                HAL_TIM_Base_Init
 *fill*         0x0000000008002086        0x2 
 .text.HAL_TIM_Base_Start_IT
                0x0000000008002088       0x98 ./Drivers/STM32F1xx_HAL_Driver/Src/stm32f1xx_hal_tim.o
                0x0000000008002088                HAL_TIM_Base_Start_IT
 .text.HAL_TIM_IRQHandler
                0x0000000008002120      0x1e0 ./Drivers/STM32F1xx_HAL_Driver/Src/stm32f1xx_hal_tim.o
                0x0000000008002120                HAL_TIM_IRQHandler
 .text.HAL_TIM_ConfigClockSource
                0x0000000008002300      0x18e ./Drivers/STM32F1xx_HAL_Driver/Src/stm32f1xx_hal_tim.o
                0x0000000008002300                HAL_TIM_ConfigClockSource
 .text.HAL_TIM_OC_DelayElapsedCallback
                0x000000000800248e       0x12 ./Drivers/STM32F1xx_HAL_Driver/Src/stm32f1xx_hal_tim.o
                0x000000000800248e                HAL_TIM_OC_DelayElapsedCallback
 .text.HAL_TIM_IC_CaptureCallback
                0x00000000080024a0       0x12 ./Drivers/STM32F1xx_HAL_Driver/Src/stm32f1xx_hal_tim.o
                0x00000000080024a0                HAL_TIM_IC_CaptureCallback
 .text.HAL_TIM_PWM_PulseFinishedCallback
                0x00000000080024b2       0x12 ./Drivers/STM32F1xx_HAL_Driver/Src/stm32f1xx_hal_tim.o
                0x00000000080024b2                HAL_TIM_PWM_PulseFinishedCallback
 .text.HAL_TIM_TriggerCallback
                0x00000000080024c4       0x12 ./Drivers/STM32F1xx_HAL_Driver/Src/stm32f1xx_hal_tim.o
                0x00000000080024c4                HAL_TIM_TriggerCallback
 *fill*         0x00000000080024d6        0x2 
 .text.TIM_Base_SetConfig
                0x00000000080024d8       0xc8 ./Drivers/STM32F1xx_HAL_Driver/Src/stm32f1xx_hal_tim.o
                0x00000000080024d8                TIM_Base_SetConfig
 .text.TIM_TI1_ConfigInputStage
                0x00000000080025a0       0x5c ./Drivers/STM32F1xx_HAL_Driver/Src/stm32f1xx_hal_tim.o
 .text.TIM_TI2_ConfigInputStage
                0x00000000080025fc       0x5e ./Drivers/STM32F1xx_HAL_Driver/Src/stm32f1xx_hal_tim.o
 .text.TIM_ITRx_SetConfig
                0x000000000800265a       0x34 ./Drivers/STM32F1xx_HAL_Driver/Src/stm32f1xx_hal_tim.o
 .text.TIM_ETR_SetConfig
                0x000000000800268e       0x3e ./Drivers/STM32F1xx_HAL_Driver/Src/stm32f1xx_hal_tim.o
                0x000000000800268e                TIM_ETR_SetConfig
 .text.HAL_TIMEx_MasterConfigSynchronization
                0x00000000080026cc       0xb0 ./Drivers/STM32F1xx_HAL_Driver/Src/stm32f1xx_hal_tim_ex.o
                0x00000000080026cc                HAL_TIMEx_MasterConfigSynchronization
 .text.HAL_TIMEx_CommutCallback
                0x000000000800277c       0x12 ./Drivers/STM32F1xx_HAL_Driver/Src/stm32f1xx_hal_tim_ex.o
                0x000000000800277c                HAL_TIMEx_CommutCallback
 .text.HAL_TIMEx_BreakCallback
                0x000000000800278e       0x12 ./Drivers/STM32F1xx_HAL_Driver/Src/stm32f1xx_hal_tim_ex.o
                0x000000000800278e                HAL_TIMEx_BreakCallback
 .text.__libc_init_array
                0x00000000080027a0       0x48 e:/programme/stm32-ide/stm32cubeide_1.7.0/stm32cubeide/plugins/com.st.stm32cube.ide.mcu.externaltools.gnu-tools-for-stm32.9-2020-q2-update.win32_2.0.0.202105311346/tools/bin/../lib/gcc/arm-none-eabi/9.3.1/../../../../arm-none-eabi/lib/thumb/v7-m/nofp\libc_nano.a(lib_a-init.o)
                0x00000000080027a0                __libc_init_array
 .text.memset   0x00000000080027e8       0x10 e:/programme/stm32-ide/stm32cubeide_1.7.0/stm32cubeide/plugins/com.st.stm32cube.ide.mcu.externaltools.gnu-tools-for-stm32.9-2020-q2-update.win32_2.0.0.202105311346/tools/bin/../lib/gcc/arm-none-eabi/9.3.1/../../../../arm-none-eabi/lib/thumb/v7-m/nofp\libc_nano.a(lib_a-memset.o)
                0x00000000080027e8                memset
 *(.glue_7)
 .glue_7        0x00000000080027f8        0x0 linker stubs
 *(.glue_7t)
 .glue_7t       0x00000000080027f8        0x0 linker stubs
 *(.eh_frame)
 .eh_frame      0x00000000080027f8        0x0 e:/programme/stm32-ide/stm32cubeide_1.7.0/stm32cubeide/plugins/com.st.stm32cube.ide.mcu.externaltools.gnu-tools-for-stm32.9-2020-q2-update.win32_2.0.0.202105311346/tools/bin/../lib/gcc/arm-none-eabi/9.3.1/thumb/v7-m/nofp/crtbegin.o
 *(.init)
 .init          0x00000000080027f8        0x4 e:/programme/stm32-ide/stm32cubeide_1.7.0/stm32cubeide/plugins/com.st.stm32cube.ide.mcu.externaltools.gnu-tools-for-stm32.9-2020-q2-update.win32_2.0.0.202105311346/tools/bin/../lib/gcc/arm-none-eabi/9.3.1/thumb/v7-m/nofp/crti.o
                0x00000000080027f8                _init
 .init          0x00000000080027fc        0x8 e:/programme/stm32-ide/stm32cubeide_1.7.0/stm32cubeide/plugins/com.st.stm32cube.ide.mcu.externaltools.gnu-tools-for-stm32.9-2020-q2-update.win32_2.0.0.202105311346/tools/bin/../lib/gcc/arm-none-eabi/9.3.1/thumb/v7-m/nofp/crtn.o
 *(.fini)
 .fini          0x0000000008002804        0x4 e:/programme/stm32-ide/stm32cubeide_1.7.0/stm32cubeide/plugins/com.st.stm32cube.ide.mcu.externaltools.gnu-tools-for-stm32.9-2020-q2-update.win32_2.0.0.202105311346/tools/bin/../lib/gcc/arm-none-eabi/9.3.1/thumb/v7-m/nofp/crti.o
                0x0000000008002804                _fini
 .fini          0x0000000008002808        0x8 e:/programme/stm32-ide/stm32cubeide_1.7.0/stm32cubeide/plugins/com.st.stm32cube.ide.mcu.externaltools.gnu-tools-for-stm32.9-2020-q2-update.win32_2.0.0.202105311346/tools/bin/../lib/gcc/arm-none-eabi/9.3.1/thumb/v7-m/nofp/crtn.o
                0x0000000008002810                . = ALIGN (0x4)
                0x0000000008002810                _etext = .

.vfp11_veneer   0x0000000008002810        0x0
 .vfp11_veneer  0x0000000008002810        0x0 linker stubs

.v4_bx          0x0000000008002810        0x0
 .v4_bx         0x0000000008002810        0x0 linker stubs

.iplt           0x0000000008002810        0x0
 .iplt          0x0000000008002810        0x0 e:/programme/stm32-ide/stm32cubeide_1.7.0/stm32cubeide/plugins/com.st.stm32cube.ide.mcu.externaltools.gnu-tools-for-stm32.9-2020-q2-update.win32_2.0.0.202105311346/tools/bin/../lib/gcc/arm-none-eabi/9.3.1/thumb/v7-m/nofp/crtbegin.o

.rodata         0x0000000008002810       0x30
                0x0000000008002810                . = ALIGN (0x4)
 *(.rodata)
 *(.rodata*)
 .rodata.Led7Seg
                0x0000000008002810        0xa ./Core/Src/display.o
                0x0000000008002810                Led7Seg
 *fill*         0x000000000800281a        0x2 
 .rodata.AHBPrescTable
                0x000000000800281c       0x10 ./Core/Src/system_stm32f1xx.o
                0x000000000800281c                AHBPrescTable
 .rodata.aPLLMULFactorTable.6032
                0x000000000800282c       0x10 ./Drivers/STM32F1xx_HAL_Driver/Src/stm32f1xx_hal_rcc.o
 .rodata.aPredivFactorTable.6033
                0x000000000800283c        0x2 ./Drivers/STM32F1xx_HAL_Driver/Src/stm32f1xx_hal_rcc.o
                0x0000000008002840                . = ALIGN (0x4)
 *fill*         0x000000000800283e        0x2 

.rel.dyn        0x0000000008002840        0x0
 .rel.iplt      0x0000000008002840        0x0 e:/programme/stm32-ide/stm32cubeide_1.7.0/stm32cubeide/plugins/com.st.stm32cube.ide.mcu.externaltools.gnu-tools-for-stm32.9-2020-q2-update.win32_2.0.0.202105311346/tools/bin/../lib/gcc/arm-none-eabi/9.3.1/thumb/v7-m/nofp/crtbegin.o

.ARM.extab      0x0000000008002840        0x0
                0x0000000008002840                . = ALIGN (0x4)
 *(.ARM.extab* .gnu.linkonce.armextab.*)
                0x0000000008002840                . = ALIGN (0x4)

.ARM            0x0000000008002840        0x0
                0x0000000008002840                . = ALIGN (0x4)
                0x0000000008002840                __exidx_start = .
 *(.ARM.exidx*)
                0x0000000008002840                __exidx_end = .
                0x0000000008002840                . = ALIGN (0x4)

.preinit_array  0x0000000008002840        0x0
                0x0000000008002840                . = ALIGN (0x4)
                0x0000000008002840                PROVIDE (__preinit_array_start = .)
 *(.preinit_array*)
                0x0000000008002840                PROVIDE (__preinit_array_end = .)
                0x0000000008002840                . = ALIGN (0x4)

.init_array     0x0000000008002840        0x4
                0x0000000008002840                . = ALIGN (0x4)
                0x0000000008002840                PROVIDE (__init_array_start = .)
 *(SORT_BY_NAME(.init_array.*))
 *(.init_array*)
 .init_array    0x0000000008002840        0x4 e:/programme/stm32-ide/stm32cubeide_1.7.0/stm32cubeide/plugins/com.st.stm32cube.ide.mcu.externaltools.gnu-tools-for-stm32.9-2020-q2-update.win32_2.0.0.202105311346/tools/bin/../lib/gcc/arm-none-eabi/9.3.1/thumb/v7-m/nofp/crtbegin.o
                0x0000000008002844                PROVIDE (__init_array_end = .)
                0x0000000008002844                . = ALIGN (0x4)

.fini_array     0x0000000008002844        0x4
                0x0000000008002844                . = ALIGN (0x4)
                [!provide]                        PROVIDE (__fini_array_start = .)
 *(SORT_BY_NAME(.fini_array.*))
 *(.fini_array*)
 .fini_array    0x0000000008002844        0x4 e:/programme/stm32-ide/stm32cubeide_1.7.0/stm32cubeide/plugins/com.st.stm32cube.ide.mcu.externaltools.gnu-tools-for-stm32.9-2020-q2-update.win32_2.0.0.202105311346/tools/bin/../lib/gcc/arm-none-eabi/9.3.1/thumb/v7-m/nofp/crtbegin.o
                [!provide]                        PROVIDE (__fini_array_end = .)
                0x0000000008002848                . = ALIGN (0x4)
                0x0000000008002848                _sidata = LOADADDR (.data)

.data           0x0000000020000000       0x28 load address 0x0000000008002848
                0x0000000020000000                . = ALIGN (0x4)
                0x0000000020000000                _sdata = .
 *(.data)
 *(.data*)
 .data.en_pin   0x0000000020000000       0x10 ./Core/Src/display.o
                0x0000000020000000                en_pin
 .data.redDuration
                0x0000000020000010        0x4 ./Core/Src/global.o
                0x0000000020000010                redDuration
 .data.greenDuration
                0x0000000020000014        0x4 ./Core/Src/global.o
                0x0000000020000014                greenDuration
 .data.yellowDuration
                0x0000000020000018        0x4 ./Core/Src/global.o
                0x0000000020000018                yellowDuration
 .data.SystemCoreClock
                0x000000002000001c        0x4 ./Core/Src/system_stm32f1xx.o
                0x000000002000001c                SystemCoreClock
 .data.uwTickPrio
                0x0000000020000020        0x4 ./Drivers/STM32F1xx_HAL_Driver/Src/stm32f1xx_hal.o
                0x0000000020000020                uwTickPrio
 .data.uwTickFreq
                0x0000000020000024        0x1 ./Drivers/STM32F1xx_HAL_Driver/Src/stm32f1xx_hal.o
                0x0000000020000024                uwTickFreq
 *(.RamFunc)
 *(.RamFunc*)
                0x0000000020000028                . = ALIGN (0x4)
 *fill*         0x0000000020000025        0x3 
                0x0000000020000028                _edata = .

.igot.plt       0x0000000020000028        0x0 load address 0x0000000008002870
 .igot.plt      0x0000000020000028        0x0 e:/programme/stm32-ide/stm32cubeide_1.7.0/stm32cubeide/plugins/com.st.stm32cube.ide.mcu.externaltools.gnu-tools-for-stm32.9-2020-q2-update.win32_2.0.0.202105311346/tools/bin/../lib/gcc/arm-none-eabi/9.3.1/thumb/v7-m/nofp/crtbegin.o
                0x0000000020000028                . = ALIGN (0x4)

.bss            0x0000000020000028      0x10c load address 0x0000000008002870
                0x0000000020000028                _sbss = .
                0x0000000020000028                __bss_start__ = _sbss
 *(.bss)
 .bss           0x0000000020000028       0x1c e:/programme/stm32-ide/stm32cubeide_1.7.0/stm32cubeide/plugins/com.st.stm32cube.ide.mcu.externaltools.gnu-tools-for-stm32.9-2020-q2-update.win32_2.0.0.202105311346/tools/bin/../lib/gcc/arm-none-eabi/9.3.1/thumb/v7-m/nofp/crtbegin.o
 *(.bss*)
 .bss.led_buffer
                0x0000000020000044       0x10 ./Core/Src/display.o
                0x0000000020000044                led_buffer
 .bss.index_7LED
                0x0000000020000054        0x4 ./Core/Src/fsm_automatic.o
                0x0000000020000054                index_7LED
 .bss.status    0x0000000020000058        0x4 ./Core/Src/global.o
                0x0000000020000058                status
 .bss.horizontal
                0x000000002000005c        0x4 ./Core/Src/global.o
                0x000000002000005c                horizontal
 .bss.vertical  0x0000000020000060        0x4 ./Core/Src/global.o
                0x0000000020000060                vertical
 .bss.mode      0x0000000020000064        0x4 ./Core/Src/global.o
                0x0000000020000064                mode
 .bss.timer_counter
                0x0000000020000068       0x10 ./Core/Src/software_timer.o
                0x0000000020000068                timer_counter
 .bss.timer_flag
                0x0000000020000078       0x10 ./Core/Src/software_timer.o
                0x0000000020000078                timer_flag
 *(COMMON)
 COMMON         0x0000000020000088       0x48 ./Core/Src/button.o
                0x0000000020000088                buttonDebounce3
                0x0000000020000094                TimerForKeyPressed
                0x00000000200000a0                button_flag
                0x00000000200000ac                buttonDebounce2
                0x00000000200000b8                buttonDebounce0
                0x00000000200000c4                buttonDebounce1
 COMMON         0x00000000200000d0       0x18 ./Core/Src/global.o
                0x00000000200000d0                tempRed
                0x00000000200000d4                tempYellow
                0x00000000200000d8                yellowCounter
                0x00000000200000dc                greenCounter
                0x00000000200000e0                redCounter
                0x00000000200000e4                tempGreen
 COMMON         0x00000000200000e8       0x48 ./Core/Src/main.o
                0x00000000200000e8                htim2
 COMMON         0x0000000020000130        0x4 ./Drivers/STM32F1xx_HAL_Driver/Src/stm32f1xx_hal.o
                0x0000000020000130                uwTick
                0x0000000020000134                . = ALIGN (0x4)
                0x0000000020000134                _ebss = .
                0x0000000020000134                __bss_end__ = _ebss

._user_heap_stack
                0x0000000020000134      0x604 load address 0x0000000008002870
                0x0000000020000138                . = ALIGN (0x8)
 *fill*         0x0000000020000134        0x4 
                [!provide]                        PROVIDE (end = .)
                0x0000000020000138                PROVIDE (_end = .)
                0x0000000020000338                . = (. + _Min_Heap_Size)
 *fill*         0x0000000020000138      0x200 
                0x0000000020000738                . = (. + _Min_Stack_Size)
 *fill*         0x0000000020000338      0x400 
                0x0000000020000738                . = ALIGN (0x8)

/DISCARD/
 libc.a(*)
 libm.a(*)
 libgcc.a(*)

.ARM.attributes
                0x0000000000000000       0x29
 *(.ARM.attributes)
 .ARM.attributes
                0x0000000000000000       0x1d e:/programme/stm32-ide/stm32cubeide_1.7.0/stm32cubeide/plugins/com.st.stm32cube.ide.mcu.externaltools.gnu-tools-for-stm32.9-2020-q2-update.win32_2.0.0.202105311346/tools/bin/../lib/gcc/arm-none-eabi/9.3.1/thumb/v7-m/nofp/crti.o
 .ARM.attributes
                0x000000000000001d       0x2d e:/programme/stm32-ide/stm32cubeide_1.7.0/stm32cubeide/plugins/com.st.stm32cube.ide.mcu.externaltools.gnu-tools-for-stm32.9-2020-q2-update.win32_2.0.0.202105311346/tools/bin/../lib/gcc/arm-none-eabi/9.3.1/thumb/v7-m/nofp/crtbegin.o
 .ARM.attributes
                0x000000000000004a       0x2d ./Core/Src/button.o
 .ARM.attributes
                0x0000000000000077       0x2d ./Core/Src/display.o
 .ARM.attributes
                0x00000000000000a4       0x2d ./Core/Src/fsm_automatic.o
 .ARM.attributes
                0x00000000000000d1       0x2d ./Core/Src/fsm_manual.o
 .ARM.attributes
                0x00000000000000fe       0x33 ./Core/Src/global.o
 .ARM.attributes
                0x0000000000000131       0x2d ./Core/Src/main.o
 .ARM.attributes
                0x000000000000015e       0x2d ./Core/Src/software_timer.o
 .ARM.attributes
                0x000000000000018b       0x2d ./Core/Src/stm32f1xx_hal_msp.o
 .ARM.attributes
                0x00000000000001b8       0x2d ./Core/Src/stm32f1xx_it.o
 .ARM.attributes
                0x00000000000001e5       0x2d ./Core/Src/system_stm32f1xx.o
 .ARM.attributes
                0x0000000000000212       0x21 ./Core/Startup/startup_stm32f103c6tx.o
 .ARM.attributes
                0x0000000000000233       0x2d ./Drivers/STM32F1xx_HAL_Driver/Src/stm32f1xx_hal.o
 .ARM.attributes
                0x0000000000000260       0x2d ./Drivers/STM32F1xx_HAL_Driver/Src/stm32f1xx_hal_cortex.o
 .ARM.attributes
                0x000000000000028d       0x2d ./Drivers/STM32F1xx_HAL_Driver/Src/stm32f1xx_hal_gpio.o
 .ARM.attributes
                0x00000000000002ba       0x2d ./Drivers/STM32F1xx_HAL_Driver/Src/stm32f1xx_hal_rcc.o
 .ARM.attributes
                0x00000000000002e7       0x2d ./Drivers/STM32F1xx_HAL_Driver/Src/stm32f1xx_hal_tim.o
 .ARM.attributes
                0x0000000000000314       0x2d ./Drivers/STM32F1xx_HAL_Driver/Src/stm32f1xx_hal_tim_ex.o
 .ARM.attributes
                0x0000000000000341       0x2d e:/programme/stm32-ide/stm32cubeide_1.7.0/stm32cubeide/plugins/com.st.stm32cube.ide.mcu.externaltools.gnu-tools-for-stm32.9-2020-q2-update.win32_2.0.0.202105311346/tools/bin/../lib/gcc/arm-none-eabi/9.3.1/../../../../arm-none-eabi/lib/thumb/v7-m/nofp\libc_nano.a(lib_a-init.o)
 .ARM.attributes
                0x000000000000036e       0x2d e:/programme/stm32-ide/stm32cubeide_1.7.0/stm32cubeide/plugins/com.st.stm32cube.ide.mcu.externaltools.gnu-tools-for-stm32.9-2020-q2-update.win32_2.0.0.202105311346/tools/bin/../lib/gcc/arm-none-eabi/9.3.1/../../../../arm-none-eabi/lib/thumb/v7-m/nofp\libc_nano.a(lib_a-memset.o)
 .ARM.attributes
                0x000000000000039b       0x1d e:/programme/stm32-ide/stm32cubeide_1.7.0/stm32cubeide/plugins/com.st.stm32cube.ide.mcu.externaltools.gnu-tools-for-stm32.9-2020-q2-update.win32_2.0.0.202105311346/tools/bin/../lib/gcc/arm-none-eabi/9.3.1/thumb/v7-m/nofp/crtn.o
OUTPUT(STM32PROJECT.elf elf32-littlearm)
LOAD linker stubs
LOAD e:/programme/stm32-ide/stm32cubeide_1.7.0/stm32cubeide/plugins/com.st.stm32cube.ide.mcu.externaltools.gnu-tools-for-stm32.9-2020-q2-update.win32_2.0.0.202105311346/tools/bin/../lib/gcc/arm-none-eabi/9.3.1/../../../../arm-none-eabi/lib/thumb/v7-m/nofp\libc.a
LOAD e:/programme/stm32-ide/stm32cubeide_1.7.0/stm32cubeide/plugins/com.st.stm32cube.ide.mcu.externaltools.gnu-tools-for-stm32.9-2020-q2-update.win32_2.0.0.202105311346/tools/bin/../lib/gcc/arm-none-eabi/9.3.1/../../../../arm-none-eabi/lib/thumb/v7-m/nofp\libm.a
LOAD e:/programme/stm32-ide/stm32cubeide_1.7.0/stm32cubeide/plugins/com.st.stm32cube.ide.mcu.externaltools.gnu-tools-for-stm32.9-2020-q2-update.win32_2.0.0.202105311346/tools/bin/../lib/gcc/arm-none-eabi/9.3.1/thumb/v7-m/nofp\libgcc.a

.debug_info     0x0000000000000000     0x9622
 .debug_info    0x0000000000000000      0x3f1 ./Core/Src/button.o
 .debug_info    0x00000000000003f1      0x484 ./Core/Src/display.o
 .debug_info    0x0000000000000875      0x27b ./Core/Src/fsm_automatic.o
 .debug_info    0x0000000000000af0      0x269 ./Core/Src/fsm_manual.o
 .debug_info    0x0000000000000d59      0x2da ./Core/Src/global.o
 .debug_info    0x0000000000001033      0xc34 ./Core/Src/main.o
 .debug_info    0x0000000000001c67       0xca ./Core/Src/software_timer.o
 .debug_info    0x0000000000001d31      0xa09 ./Core/Src/stm32f1xx_hal_msp.o
 .debug_info    0x000000000000273a      0x7b9 ./Core/Src/stm32f1xx_it.o
 .debug_info    0x0000000000002ef3      0x2be ./Core/Src/system_stm32f1xx.o
 .debug_info    0x00000000000031b1       0x22 ./Core/Startup/startup_stm32f103c6tx.o
 .debug_info    0x00000000000031d3      0x74c ./Drivers/STM32F1xx_HAL_Driver/Src/stm32f1xx_hal.o
 .debug_info    0x000000000000391f      0xbbe ./Drivers/STM32F1xx_HAL_Driver/Src/stm32f1xx_hal_cortex.o
 .debug_info    0x00000000000044dd      0x701 ./Drivers/STM32F1xx_HAL_Driver/Src/stm32f1xx_hal_gpio.o
 .debug_info    0x0000000000004bde      0x893 ./Drivers/STM32F1xx_HAL_Driver/Src/stm32f1xx_hal_rcc.o
 .debug_info    0x0000000000005471     0x2c32 ./Drivers/STM32F1xx_HAL_Driver/Src/stm32f1xx_hal_tim.o
 .debug_info    0x00000000000080a3     0x157f ./Drivers/STM32F1xx_HAL_Driver/Src/stm32f1xx_hal_tim_ex.o

.debug_abbrev   0x0000000000000000     0x1b39
 .debug_abbrev  0x0000000000000000      0x188 ./Core/Src/button.o
 .debug_abbrev  0x0000000000000188      0x1bb ./Core/Src/display.o
 .debug_abbrev  0x0000000000000343       0xde ./Core/Src/fsm_automatic.o
 .debug_abbrev  0x0000000000000421       0xcb ./Core/Src/fsm_manual.o
 .debug_abbrev  0x00000000000004ec       0xbc ./Core/Src/global.o
 .debug_abbrev  0x00000000000005a8      0x22c ./Core/Src/main.o
 .debug_abbrev  0x00000000000007d4       0xb9 ./Core/Src/software_timer.o
 .debug_abbrev  0x000000000000088d      0x1b7 ./Core/Src/stm32f1xx_hal_msp.o
 .debug_abbrev  0x0000000000000a44      0x176 ./Core/Src/stm32f1xx_it.o
 .debug_abbrev  0x0000000000000bba      0x14e ./Core/Src/system_stm32f1xx.o
 .debug_abbrev  0x0000000000000d08       0x12 ./Core/Startup/startup_stm32f103c6tx.o
 .debug_abbrev  0x0000000000000d1a      0x1ed ./Drivers/STM32F1xx_HAL_Driver/Src/stm32f1xx_hal.o
 .debug_abbrev  0x0000000000000f07      0x313 ./Drivers/STM32F1xx_HAL_Driver/Src/stm32f1xx_hal_cortex.o
 .debug_abbrev  0x000000000000121a      0x1e8 ./Drivers/STM32F1xx_HAL_Driver/Src/stm32f1xx_hal_gpio.o
 .debug_abbrev  0x0000000000001402      0x273 ./Drivers/STM32F1xx_HAL_Driver/Src/stm32f1xx_hal_rcc.o
 .debug_abbrev  0x0000000000001675      0x25e ./Drivers/STM32F1xx_HAL_Driver/Src/stm32f1xx_hal_tim.o
 .debug_abbrev  0x00000000000018d3      0x266 ./Drivers/STM32F1xx_HAL_Driver/Src/stm32f1xx_hal_tim_ex.o

.debug_aranges  0x0000000000000000      0xa38
 .debug_aranges
                0x0000000000000000       0x38 ./Core/Src/button.o
 .debug_aranges
                0x0000000000000038       0x50 ./Core/Src/display.o
 .debug_aranges
                0x0000000000000088       0x20 ./Core/Src/fsm_automatic.o
 .debug_aranges
                0x00000000000000a8       0x20 ./Core/Src/fsm_manual.o
 .debug_aranges
                0x00000000000000c8       0x18 ./Core/Src/global.o
 .debug_aranges
                0x00000000000000e0       0x48 ./Core/Src/main.o
 .debug_aranges
                0x0000000000000128       0x28 ./Core/Src/software_timer.o
 .debug_aranges
                0x0000000000000150       0x30 ./Core/Src/stm32f1xx_hal_msp.o
 .debug_aranges
                0x0000000000000180       0x68 ./Core/Src/stm32f1xx_it.o
 .debug_aranges
                0x00000000000001e8       0x28 ./Core/Src/system_stm32f1xx.o
 .debug_aranges
                0x0000000000000210       0x28 ./Core/Startup/startup_stm32f103c6tx.o
 .debug_aranges
                0x0000000000000238       0xe0 ./Drivers/STM32F1xx_HAL_Driver/Src/stm32f1xx_hal.o
 .debug_aranges
                0x0000000000000318      0x100 ./Drivers/STM32F1xx_HAL_Driver/Src/stm32f1xx_hal_cortex.o
 .debug_aranges
                0x0000000000000418       0x58 ./Drivers/STM32F1xx_HAL_Driver/Src/stm32f1xx_hal_gpio.o
 .debug_aranges
                0x0000000000000470       0x90 ./Drivers/STM32F1xx_HAL_Driver/Src/stm32f1xx_hal_rcc.o
 .debug_aranges
                0x0000000000000500      0x3d0 ./Drivers/STM32F1xx_HAL_Driver/Src/stm32f1xx_hal_tim.o
 .debug_aranges
                0x00000000000008d0      0x168 ./Drivers/STM32F1xx_HAL_Driver/Src/stm32f1xx_hal_tim_ex.o

.debug_ranges   0x0000000000000000      0x928
 .debug_ranges  0x0000000000000000       0x28 ./Core/Src/button.o
 .debug_ranges  0x0000000000000028       0x40 ./Core/Src/display.o
 .debug_ranges  0x0000000000000068       0x10 ./Core/Src/fsm_automatic.o
 .debug_ranges  0x0000000000000078       0x10 ./Core/Src/fsm_manual.o
 .debug_ranges  0x0000000000000088       0x38 ./Core/Src/main.o
 .debug_ranges  0x00000000000000c0       0x18 ./Core/Src/software_timer.o
 .debug_ranges  0x00000000000000d8       0x20 ./Core/Src/stm32f1xx_hal_msp.o
 .debug_ranges  0x00000000000000f8       0x58 ./Core/Src/stm32f1xx_it.o
 .debug_ranges  0x0000000000000150       0x18 ./Core/Src/system_stm32f1xx.o
 .debug_ranges  0x0000000000000168       0x20 ./Core/Startup/startup_stm32f103c6tx.o
 .debug_ranges  0x0000000000000188       0xd0 ./Drivers/STM32F1xx_HAL_Driver/Src/stm32f1xx_hal.o
 .debug_ranges  0x0000000000000258       0xf0 ./Drivers/STM32F1xx_HAL_Driver/Src/stm32f1xx_hal_cortex.o
 .debug_ranges  0x0000000000000348       0x48 ./Drivers/STM32F1xx_HAL_Driver/Src/stm32f1xx_hal_gpio.o
 .debug_ranges  0x0000000000000390       0x80 ./Drivers/STM32F1xx_HAL_Driver/Src/stm32f1xx_hal_rcc.o
 .debug_ranges  0x0000000000000410      0x3c0 ./Drivers/STM32F1xx_HAL_Driver/Src/stm32f1xx_hal_tim.o
 .debug_ranges  0x00000000000007d0      0x158 ./Drivers/STM32F1xx_HAL_Driver/Src/stm32f1xx_hal_tim_ex.o

.debug_macro    0x0000000000000000    0x16d83
 .debug_macro   0x0000000000000000      0x1f4 ./Core/Src/button.o
 .debug_macro   0x00000000000001f4      0xa9c ./Core/Src/button.o
 .debug_macro   0x0000000000000c90      0x215 ./Core/Src/button.o
 .debug_macro   0x0000000000000ea5       0x2e ./Core/Src/button.o
 .debug_macro   0x0000000000000ed3       0x22 ./Core/Src/button.o
 .debug_macro   0x0000000000000ef5       0x22 ./Core/Src/button.o
 .debug_macro   0x0000000000000f17       0x8e ./Core/Src/button.o
 .debug_macro   0x0000000000000fa5       0x51 ./Core/Src/button.o
 .debug_macro   0x0000000000000ff6      0x103 ./Core/Src/button.o
 .debug_macro   0x00000000000010f9       0x6a ./Core/Src/button.o
 .debug_macro   0x0000000000001163      0x1df ./Core/Src/button.o
 .debug_macro   0x0000000000001342       0x1c ./Core/Src/button.o
 .debug_macro   0x000000000000135e       0x22 ./Core/Src/button.o
 .debug_macro   0x0000000000001380       0xc3 ./Core/Src/button.o
 .debug_macro   0x0000000000001443      0xd23 ./Core/Src/button.o
 .debug_macro   0x0000000000002166     0xde75 ./Core/Src/button.o
 .debug_macro   0x000000000000ffdb       0x6d ./Core/Src/button.o
 .debug_macro   0x0000000000010048     0x34a2 ./Core/Src/button.o
 .debug_macro   0x00000000000134ea      0x174 ./Core/Src/button.o
 .debug_macro   0x000000000001365e       0x5c ./Core/Src/button.o
 .debug_macro   0x00000000000136ba      0x5bc ./Core/Src/button.o
 .debug_macro   0x0000000000013c76      0x1b7 ./Core/Src/button.o
 .debug_macro   0x0000000000013e2d      0x1cb ./Core/Src/button.o
 .debug_macro   0x0000000000013ff8      0x114 ./Core/Src/button.o
 .debug_macro   0x000000000001410c      0x1b2 ./Core/Src/button.o
 .debug_macro   0x00000000000142be       0x27 ./Core/Src/button.o
 .debug_macro   0x00000000000142e5      0x12f ./Core/Src/button.o
 .debug_macro   0x0000000000014414      0x1bc ./Core/Src/button.o
 .debug_macro   0x00000000000145d0       0x34 ./Core/Src/button.o
 .debug_macro   0x0000000000014604       0x3c ./Core/Src/button.o
 .debug_macro   0x0000000000014640       0x57 ./Core/Src/button.o
 .debug_macro   0x0000000000014697       0x87 ./Core/Src/button.o
 .debug_macro   0x000000000001471e      0x183 ./Core/Src/button.o
 .debug_macro   0x00000000000148a1      0x140 ./Core/Src/button.o
 .debug_macro   0x00000000000149e1      0x8ed ./Core/Src/button.o
 .debug_macro   0x00000000000152ce       0x69 ./Core/Src/button.o
 .debug_macro   0x0000000000015337       0xf4 ./Core/Src/button.o
 .debug_macro   0x000000000001542b       0x3a ./Core/Src/button.o
 .debug_macro   0x0000000000015465       0x16 ./Core/Src/button.o
 .debug_macro   0x000000000001547b      0x1f4 ./Core/Src/display.o
 .debug_macro   0x000000000001566f      0x1f4 ./Core/Src/fsm_automatic.o
 .debug_macro   0x0000000000015863      0x1f4 ./Core/Src/fsm_manual.o
 .debug_macro   0x0000000000015a57      0x1f0 ./Core/Src/global.o
 .debug_macro   0x0000000000015c47      0x208 ./Core/Src/main.o
 .debug_macro   0x0000000000015e4f       0x1b ./Core/Src/software_timer.o
 .debug_macro   0x0000000000015e6a      0x1a6 ./Core/Src/stm32f1xx_hal_msp.o
 .debug_macro   0x0000000000016010      0x1b0 ./Core/Src/stm32f1xx_it.o
 .debug_macro   0x00000000000161c0      0x197 ./Core/Src/system_stm32f1xx.o
 .debug_macro   0x0000000000016357      0x1bb ./Drivers/STM32F1xx_HAL_Driver/Src/stm32f1xx_hal.o
 .debug_macro   0x0000000000016512      0x197 ./Drivers/STM32F1xx_HAL_Driver/Src/stm32f1xx_hal_cortex.o
 .debug_macro   0x00000000000166a9      0x202 ./Drivers/STM32F1xx_HAL_Driver/Src/stm32f1xx_hal_gpio.o
 .debug_macro   0x00000000000168ab      0x1a9 ./Drivers/STM32F1xx_HAL_Driver/Src/stm32f1xx_hal_rcc.o
 .debug_macro   0x0000000000016a54      0x198 ./Drivers/STM32F1xx_HAL_Driver/Src/stm32f1xx_hal_tim.o
 .debug_macro   0x0000000000016bec      0x197 ./Drivers/STM32F1xx_HAL_Driver/Src/stm32f1xx_hal_tim_ex.o

.debug_line     0x0000000000000000     0xc10d
 .debug_line    0x0000000000000000      0x832 ./Core/Src/button.o
 .debug_line    0x0000000000000832      0x86c ./Core/Src/display.o
 .debug_line    0x000000000000109e      0x88a ./Core/Src/fsm_automatic.o
 .debug_line    0x0000000000001928      0x84c ./Core/Src/fsm_manual.o
 .debug_line    0x0000000000002174      0x710 ./Core/Src/global.o
 .debug_line    0x0000000000002884      0x857 ./Core/Src/main.o
 .debug_line    0x00000000000030db       0xa0 ./Core/Src/software_timer.o
 .debug_line    0x000000000000317b      0x714 ./Core/Src/stm32f1xx_hal_msp.o
 .debug_line    0x000000000000388f      0x7b2 ./Core/Src/stm32f1xx_it.o
 .debug_line    0x0000000000004041      0x756 ./Core/Src/system_stm32f1xx.o
 .debug_line    0x0000000000004797       0x86 ./Core/Startup/startup_stm32f103c6tx.o
 .debug_line    0x000000000000481d      0x983 ./Drivers/STM32F1xx_HAL_Driver/Src/stm32f1xx_hal.o
 .debug_line    0x00000000000051a0      0xb6b ./Drivers/STM32F1xx_HAL_Driver/Src/stm32f1xx_hal_cortex.o
 .debug_line    0x0000000000005d0b      0xa06 ./Drivers/STM32F1xx_HAL_Driver/Src/stm32f1xx_hal_gpio.o
 .debug_line    0x0000000000006711      0xd8f ./Drivers/STM32F1xx_HAL_Driver/Src/stm32f1xx_hal_rcc.o
 .debug_line    0x00000000000074a0     0x33d4 ./Drivers/STM32F1xx_HAL_Driver/Src/stm32f1xx_hal_tim.o
 .debug_line    0x000000000000a874     0x1899 ./Drivers/STM32F1xx_HAL_Driver/Src/stm32f1xx_hal_tim_ex.o

.debug_str      0x0000000000000000    0x823f6
 .debug_str     0x0000000000000000    0x7f919 ./Core/Src/button.o
                                      0x7fca1 (size before relaxing)
 .debug_str     0x000000000007f919       0xbe ./Core/Src/display.o
                                      0x7fca0 (size before relaxing)
 .debug_str     0x000000000007f9d7       0x39 ./Core/Src/fsm_automatic.o
                                      0x7fc0c (size before relaxing)
 .debug_str     0x000000000007fa10       0x28 ./Core/Src/fsm_manual.o
                                      0x7fbfb (size before relaxing)
 .debug_str     0x000000000007fa38       0x3b ./Core/Src/global.o
                                      0x7fbe6 (size before relaxing)
 .debug_str     0x000000000007fa73      0x6df ./Core/Src/main.o
                                      0x80381 (size before relaxing)
 .debug_str     0x0000000000080152       0x52 ./Core/Src/software_timer.o
                                       0x2dcd (size before relaxing)
 .debug_str     0x00000000000801a4      0x2ba ./Core/Src/stm32f1xx_hal_msp.o
                                      0x8022f (size before relaxing)
 .debug_str     0x000000000008045e       0xcd ./Core/Src/stm32f1xx_it.o
                                      0x7ff91 (size before relaxing)
 .debug_str     0x000000000008052b       0x52 ./Core/Src/system_stm32f1xx.o
                                      0x7f76b (size before relaxing)
 .debug_str     0x000000000008057d       0x36 ./Core/Startup/startup_stm32f103c6tx.o
                                         0x5f (size before relaxing)
 .debug_str     0x00000000000805b3      0x304 ./Drivers/STM32F1xx_HAL_Driver/Src/stm32f1xx_hal.o
                                      0x7fdc2 (size before relaxing)
 .debug_str     0x00000000000808b7      0x300 ./Drivers/STM32F1xx_HAL_Driver/Src/stm32f1xx_hal_cortex.o
                                      0x7fdca (size before relaxing)
 .debug_str     0x0000000000080bb7      0x324 ./Drivers/STM32F1xx_HAL_Driver/Src/stm32f1xx_hal_gpio.o
                                      0x7fb2f (size before relaxing)
 .debug_str     0x0000000000080edb      0x24f ./Drivers/STM32F1xx_HAL_Driver/Src/stm32f1xx_hal_rcc.o
                                      0x7fb68 (size before relaxing)
 .debug_str     0x000000000008112a      0xdde ./Drivers/STM32F1xx_HAL_Driver/Src/stm32f1xx_hal_tim.o
                                      0x80b51 (size before relaxing)
 .debug_str     0x0000000000081f08      0x4ee ./Drivers/STM32F1xx_HAL_Driver/Src/stm32f1xx_hal_tim_ex.o
                                      0x802f2 (size before relaxing)

.comment        0x0000000000000000       0x53
 .comment       0x0000000000000000       0x53 ./Core/Src/button.o
                                         0x54 (size before relaxing)
 .comment       0x0000000000000053       0x54 ./Core/Src/display.o
 .comment       0x0000000000000053       0x54 ./Core/Src/fsm_automatic.o
 .comment       0x0000000000000053       0x54 ./Core/Src/fsm_manual.o
 .comment       0x0000000000000053       0x54 ./Core/Src/global.o
 .comment       0x0000000000000053       0x54 ./Core/Src/main.o
 .comment       0x0000000000000053       0x54 ./Core/Src/software_timer.o
 .comment       0x0000000000000053       0x54 ./Core/Src/stm32f1xx_hal_msp.o
 .comment       0x0000000000000053       0x54 ./Core/Src/stm32f1xx_it.o
 .comment       0x0000000000000053       0x54 ./Core/Src/system_stm32f1xx.o
 .comment       0x0000000000000053       0x54 ./Drivers/STM32F1xx_HAL_Driver/Src/stm32f1xx_hal.o
 .comment       0x0000000000000053       0x54 ./Drivers/STM32F1xx_HAL_Driver/Src/stm32f1xx_hal_cortex.o
 .comment       0x0000000000000053       0x54 ./Drivers/STM32F1xx_HAL_Driver/Src/stm32f1xx_hal_gpio.o
 .comment       0x0000000000000053       0x54 ./Drivers/STM32F1xx_HAL_Driver/Src/stm32f1xx_hal_rcc.o
 .comment       0x0000000000000053       0x54 ./Drivers/STM32F1xx_HAL_Driver/Src/stm32f1xx_hal_tim.o
 .comment       0x0000000000000053       0x54 ./Drivers/STM32F1xx_HAL_Driver/Src/stm32f1xx_hal_tim_ex.o

.debug_frame    0x0000000000000000     0x2830
 .debug_frame   0x0000000000000000       0xac ./Core/Src/button.o
 .debug_frame   0x00000000000000ac      0x108 ./Core/Src/display.o
 .debug_frame   0x00000000000001b4       0x2c ./Core/Src/fsm_automatic.o
 .debug_frame   0x00000000000001e0       0x2c ./Core/Src/fsm_manual.o
 .debug_frame   0x000000000000020c       0xd4 ./Core/Src/main.o
 .debug_frame   0x00000000000002e0       0x60 ./Core/Src/software_timer.o
 .debug_frame   0x0000000000000340       0x80 ./Core/Src/stm32f1xx_hal_msp.o
 .debug_frame   0x00000000000003c0      0x120 ./Core/Src/stm32f1xx_it.o
 .debug_frame   0x00000000000004e0       0x58 ./Core/Src/system_stm32f1xx.o
 .debug_frame   0x0000000000000538      0x334 ./Drivers/STM32F1xx_HAL_Driver/Src/stm32f1xx_hal.o
 .debug_frame   0x000000000000086c      0x428 ./Drivers/STM32F1xx_HAL_Driver/Src/stm32f1xx_hal_cortex.o
 .debug_frame   0x0000000000000c94      0x14c ./Drivers/STM32F1xx_HAL_Driver/Src/stm32f1xx_hal_gpio.o
 .debug_frame   0x0000000000000de0      0x218 ./Drivers/STM32F1xx_HAL_Driver/Src/stm32f1xx_hal_rcc.o
 .debug_frame   0x0000000000000ff8     0x11b4 ./Drivers/STM32F1xx_HAL_Driver/Src/stm32f1xx_hal_tim.o
 .debug_frame   0x00000000000021ac      0x638 ./Drivers/STM32F1xx_HAL_Driver/Src/stm32f1xx_hal_tim_ex.o
 .debug_frame   0x00000000000027e4       0x2c e:/programme/stm32-ide/stm32cubeide_1.7.0/stm32cubeide/plugins/com.st.stm32cube.ide.mcu.externaltools.gnu-tools-for-stm32.9-2020-q2-update.win32_2.0.0.202105311346/tools/bin/../lib/gcc/arm-none-eabi/9.3.1/../../../../arm-none-eabi/lib/thumb/v7-m/nofp\libc_nano.a(lib_a-init.o)
 .debug_frame   0x0000000000002810       0x20 e:/programme/stm32-ide/stm32cubeide_1.7.0/stm32cubeide/plugins/com.st.stm32cube.ide.mcu.externaltools.gnu-tools-for-stm32.9-2020-q2-update.win32_2.0.0.202105311346/tools/bin/../lib/gcc/arm-none-eabi/9.3.1/../../../../arm-none-eabi/lib/thumb/v7-m/nofp\libc_nano.a(lib_a-memset.o)
